0 verbose cli D:\nodejs\node.exe D:\nodejs\node_modules\npm\bin\npm-cli.js
1 info using npm@11.9.0
2 info using node@v24.14.0
3 silly config load:file:D:\nodejs\node_modules\npm\npmrc
4 silly config load:file:E:\dsh-plugin\.npmrc
5 silly config load:file:C:\Users\Administrator\.npmrc
6 silly config load:file:C:\Users\Administrator\AppData\Roaming\npm\etc\npmrc
7 verbose title npm whoami
8 verbose argv "whoami" "--registry" "https://registry.npmjs.org/"
9 verbose logfile logs-max:10 dir:E:\dsh-plugin\.npm-cache\_logs\2026-08-15T18_19_09_301Z-
10 verbose logfile E:\dsh-plugin\.npm-cache\_logs\2026-08-15T18_19_09_301Z-debug-0.log
11 silly logfile done cleaning log files
12 verbose stack Error: This command requires you to be logged in.
12 verbose stack     at module.exports (D:\nodejs\node_modules\npm\lib\utils\get-identity.js:23:5)
12 verbose stack     at Whoami.exec (D:\nodejs\node_modules\npm\lib\commands\whoami.js:11:28)
12 verbose stack     at D:\nodejs\node_modules\npm\lib\npm.js:256:63
12 verbose stack     at Object.start (D:\nodejs\node_modules\npm\node_modules\proc-log\lib\index.js:101:21)
12 verbose stack     at #exec (D:\nodejs\node_modules\npm\lib\npm.js:255:17)
12 verbose stack     at async Npm.exec (D:\nodejs\node_modules\npm\lib\npm.js:208:9)
12 verbose stack     at async module.exports (D:\nodejs\node_modules\npm\lib\cli\entry.js:67:5)
13 error code ENEEDAUTH
14 error need auth This command requires you to be logged in.
15 error need auth You need to authorize this machine using `npm adduser`
16 verbose cwd E:\dsh-plugin
17 verbose os Windows_NT 10.0.26100
18 verbose node v24.14.0
19 verbose npm  v11.9.0
20 verbose exit 1
21 verbose code 1
22 error A complete log of this run can be found in: E:\dsh-plugin\.npm-cache\_logs\2026-08-15T18_19_09_301Z-debug-0.log
