0 verbose cli D:\nodejs\node.exe D:\nodejs\node_modules\npm\bin\npm-cli.js
1 info using npm@11.9.0
2 info using node@v24.14.0
3 silly config load:file:D:\nodejs\node_modules\npm\npmrc
4 silly config load:file:E:\dsh-plugin\.npmrc
5 silly config load:file:C:\Users\Administrator\.npmrc
6 silly config load:file:C:\Users\Administrator\AppData\Roaming\npm\etc\npmrc
7 verbose title npm view dsh-imagegen version
8 verbose argv "view" "dsh-imagegen" "version"
9 verbose logfile logs-max:10 dir:E:\dsh-plugin\.npm-cache\_logs\2026-08-15T18_19_41_830Z-
10 verbose logfile E:\dsh-plugin\.npm-cache\_logs\2026-08-15T18_19_41_830Z-debug-0.log
11 silly logfile done cleaning log files
12 http fetch GET 404 https://registry.npmjs.org/dsh-imagegen 959ms (cache skip)
13 verbose stack HttpErrorGeneral: 404 Not Found - GET https://registry.npmjs.org/dsh-imagegen - Not found
13 verbose stack     at D:\nodejs\node_modules\npm\node_modules\npm-registry-fetch\lib\check-response.js:103:15
13 verbose stack     at process.processTicksAndRejections (node:internal/process/task_queues:104:5)
13 verbose stack     at async RegistryFetcher.packument (D:\nodejs\node_modules\npm\node_modules\pacote\lib\registry.js:90:19)
13 verbose stack     at async #getData (D:\nodejs\node_modules\npm\lib\commands\view.js:136:20)
13 verbose stack     at async #viewPackage (D:\nodejs\node_modules\npm\lib\commands\view.js:113:28)
13 verbose stack     at async View.exec (D:\nodejs\node_modules\npm\lib\commands\view.js:71:5)
13 verbose stack     at async Npm.exec (D:\nodejs\node_modules\npm\lib\npm.js:208:9)
13 verbose stack     at async module.exports (D:\nodejs\node_modules\npm\lib\cli\entry.js:67:5)
14 verbose statusCode 404
15 verbose pkgid dsh-imagegen@*
16 error code E404
17 error 404 Not Found - GET https://registry.npmjs.org/dsh-imagegen - Not found
18 error 404
19 error 404  The requested resource 'dsh-imagegen@*' could not be found or you do not have permission to access it.
20 error 404
21 error 404 Note that you can also install from a
22 error 404 tarball, folder, http url, or git url.
23 verbose cwd E:\dsh-plugin
24 verbose os Windows_NT 10.0.26100
25 verbose node v24.14.0
26 verbose npm  v11.9.0
27 verbose exit 1
28 verbose code 1
29 error A complete log of this run can be found in: E:\dsh-plugin\.npm-cache\_logs\2026-08-15T18_19_41_830Z-debug-0.log
